08d1e448-9009-441e-8440-883e29ca1022 Mid-Semester Exam Schedule Released
365cb04c-7af1-42e3-9529-106965323b37 Scheduled Platform Maintenance
dd35cd88-24d9-4236-bb50-290c9831c4b0 Guest Lecture: Cloud-Native Architecture
2c561a06-8647-440c-9817-843cfca28763 New Module Registration Open
03fabe43-ef36-4e76-8e12-c05bddf49318 test
2a19ae42-1342-4b2d-9b76-ceccba90ffef asasas
313d3287-8732-4677-996d-dc2a649c8096 svdvsdvd
592f3366-c2ea-4154-ac4b-529a067d0730 qqqqqqqqqqqqqqqqqq
016e9525-02d5-46dd-9c4d-e5e1c73a39e4 2324324
9982c97f-d144-48e7-a581-eaceeb40eb24 444444444444444
3deef7af-b3b5-48ed-8d17-05fc063c5202 lecture
ad791009-92c1-4cb4-b1f1-c9625ab705c9 mamger
e9555458-b310-4426-9d36-8e3d50cb0a77 last test manager 
